=== TEST REMINDERS LOGIC ===
Creating Test Season (2025-11-02 to 2027-02-02)...
php : PHP Warning:  
Undefined array key 
"REQUEST_METHOD" in C
:\Users\USER\Desktop\
viet\ugb\vovinam-ugb-
reminder\copie\api\co
nfig.php on line 23
Au caractère Ligne:1 
: 1
+ php c:\Users\USER\D
esktop\viet\ugb\vovin
am-ugb-reminder\copie
\api\tes ...
+ ~~~~~~~~~~~~~~~~~~~
~~~~~~~~~~~~~~~~~~~~~
~~~~~~~~~~~~~~~~~~~~~
~~~~~~~~
    + CategoryInfo   
           : NotSpe  
  cified: (PHP War   
 ning:  U....php     
on line 23:Strin    
g) [], RemoteExc    
eption
    + FullyQualified 
   ErrorId : Native  
  CommandError
 
Creating Test Member (Joined 2025-12-02 00:05:01)...
Running processGlobalReminders...
[MOCK] Sending sms 
to +221785046184: 
VOVINAM UGB SC: 
Bonjour Abdou khaly, 
n'oubliez pas de 
regler vos frais 
d'inscription (2000 
FCFA) pour la saison 
TEST SEASON via Wave 
au 75 557 55 51. 
Envoyer capture au 
78 282 96 73.
[MOCK] Sending sms 
to +221770841480: 
VOVINAM UGB SC: 
Bonjour Lamine, 
n'oubliez pas de 
regler vos frais 
d'inscription (2000 
FCFA) pour la saison 
TEST SEASON via Wave 
au 75 557 55 51. 
Envoyer capture au 
78 282 96 73.
[MOCK] Sending sms 
to +221782829673: 
VOVINAM UGB SC: 
Bonjour DAOUDA, 
n'oubliez pas de 
regler vos frais 
d'inscription (2000 
FCFA) pour la saison 
TEST SEASON via Wave 
au 75 557 55 51. 
Envoyer capture au 
78 282 96 73.
[MOCK] Sending sms 
to +221774752692: 
VOVINAM UGB SC: 
Bonjour Baba Galle, 
n'oubliez pas de 
regler vos frais 
d'inscription (2000 
FCFA) pour la saison 
TEST SEASON via Wave 
au 75 557 55 51. 
Envoyer capture au 
78 282 96 73.
[MOCK] Sending sms 
to +221761269029: 
VOVINAM UGB SC: 
Bonjour Mame Diaw, 
n'oubliez pas de 
regler vos frais 
d'inscription (2000 
FCFA) pour la saison 
TEST SEASON via Wave 
au 75 557 55 51. 
Envoyer capture au 
78 282 96 73.
[MOCK] Sending sms 
to +221784356348: 
VOVINAM UGB SC: 
Bonjour Balla, 
n'oubliez pas de 
regler vos frais 
d'inscription (2000 
FCFA) pour la saison 
TEST SEASON via Wave 
au 75 557 55 51. 
Envoyer capture au 
78 282 96 73.
[MOCK] Sending sms 
to +221789149298: 
VOVINAM UGB SC: 
Bonjour Fatou, 
n'oubliez pas de 
regler vos frais 
d'inscription (2000 
FCFA) pour la saison 
TEST SEASON via Wave 
au 75 557 55 51. 
Envoyer capture au 
78 282 96 73.
[MOCK] Sending sms 
to +221773155248: 
VOVINAM UGB SC: 
Bonjour Kadia, 
n'oubliez pas de 
regler vos frais 
d'inscription (2000 
FCFA) pour la saison 
TEST SEASON via Wave 
au 75 557 55 51. 
Envoyer capture au 
78 282 96 73.
[MOCK] Sending sms 
to +221764629584: 
VOVINAM UGB SC: 
Bonjour Ndeye 
Mbissine, n'oubliez 
pas de regler vos 
frais d'inscription 
(2000 FCFA) pour la 
saison TEST SEASON 
via Wave au 75 557 
55 51. Envoyer 
capture au 78 282 96 
73.
[MOCK] Sending sms 
to +221788544069: 
VOVINAM UGB SC: 
Bonjour Mbaye, 
n'oubliez pas de 
regler vos frais 
d'inscription (2000 
FCFA) pour la saison 
TEST SEASON via Wave 
au 75 557 55 51. 
Envoyer capture au 
78 282 96 73.
[MOCK] Sending sms 
to +221770474281: 
VOVINAM UGB SC: 
Bonjour Abdoulaye, 
n'oubliez pas de 
regler vos frais 
d'inscription (2000 
FCFA) pour la saison 
TEST SEASON via Wave 
au 75 557 55 51. 
Envoyer capture au 
78 282 96 73.
[MOCK] Sending sms 
to +221784453782: 
VOVINAM UGB SC: 
Bonjour Mame Anta, 
n'oubliez pas de 
regler vos frais 
d'inscription (2000 
FCFA) pour la saison 
TEST SEASON via Wave 
au 75 557 55 51. 
Envoyer capture au 
78 282 96 73.
[MOCK] Sending sms 
to +221782010742: 
VOVINAM UGB SC: 
Bonjour 
Abdourahmane, 
n'oubliez pas de 
regler vos frais 
d'inscription (2000 
FCFA) pour la saison 
TEST SEASON via Wave 
au 75 557 55 51. 
Envoyer capture au 
78 282 96 73.
[MOCK] Sending sms 
to +221770000000: 
VOVINAM UGB SC: 
Bonjour TestUser, 
rappel: Inscription 
(2000F) + 
Mensualites 
D├®cembre, Janvier 
(2000F) non reglees. 
Total: 4000F via 
Wave au 75 557 55 
51. Envoyer capture 
au 78 282 96 73.
[MOCK] Sending sms 
to +221787225230: 
VOVINAM UGB SC: 
Bonjour Fatima Kane, 
n'oubliez pas de 
regler vos frais 
d'inscription (2000 
FCFA) pour la saison 
TEST SEASON via Wave 
au 75 557 55 51. 
Envoyer capture au 
78 282 96 73.
[MOCK] Sending sms 
to +221770561394: 
VOVINAM UGB SC: 
Bonjour Alhy 
Abdoulaye, n'oubliez 
pas de regler vos 
frais d'inscription 
(2000 FCFA) pour la 
saison TEST SEASON 
via Wave au 75 557 
55 51. Envoyer 
capture au 78 282 96 
73.
[MOCK] Sending sms 
to +221776186432: 
VOVINAM UGB SC: 
Bonjour Moussa, 
n'oubliez pas de 
regler vos frais 
d'inscription (2000 
FCFA) pour la saison 
TEST SEASON via Wave 
au 75 557 55 51. 
Envoyer capture au 
78 282 96 73.
[MOCK] Sending sms 
to +221705208650: 
VOVINAM UGB SC: 
Bonjour Bintou, 
n'oubliez pas de 
regler vos frais 
d'inscription (2000 
FCFA) pour la saison 
TEST SEASON via Wave 
au 75 557 55 51. 
Envoyer capture au 
78 282 96 73.
[MOCK] Sending sms 
to +221783558354: 
VOVINAM UGB SC: 
Bonjour Mariama, 
n'oubliez pas de 
regler vos frais 
d'inscription (2000 
FCFA) pour la saison 
TEST SEASON via Wave 
au 75 557 55 51. 
Envoyer capture au 
78 282 96 73.
[MOCK] Sending sms 
to +221772562692: 
VOVINAM UGB SC: 
Bonjour Diarietou, 
n'oubliez pas de 
regler vos frais 
d'inscription (2000 
FCFA) pour la saison 
TEST SEASON via Wave 
au 75 557 55 51. 
Envoyer capture au 
78 282 96 73.
[MOCK] Sending sms 
to +221772562692: 
VOVINAM UGB SC: 
Bonjour Ndeye Anta, 
n'oubliez pas de 
regler vos frais 
d'inscription (2000 
FCFA) pour la saison 
TEST SEASON via Wave 
au 75 557 55 51. 
Envoyer capture au 
78 282 96 73.
[MOCK] Sending sms 
to +221777604835: 
VOVINAM UGB SC: 
Bonjour Ousmane, 
n'oubliez pas de 
regler vos frais 
d'inscription (2000 
FCFA) pour la saison 
TEST SEASON via Wave 
au 75 557 55 51. 
Envoyer capture au 
78 282 96 73.
[MOCK] Sending sms 
to +221772093749: 
VOVINAM UGB SC: 
Bonjour Aziz, 
n'oubliez pas de 
regler vos frais 
d'inscription (2000 
FCFA) pour la saison 
TEST SEASON via Wave 
au 75 557 55 51. 
Envoyer capture au 
78 282 96 73.

=== OUTPUT LOG ===
Processing reminders. Target month: 1 (Season: TEST SEASON)
Sent unified reminder to Abdou khaly (785046184) - Types: registration
Sent unified reminder to Lamine (770841480) - Types: registration
Sent unified reminder to DAOUDA (782829673) - Types: registration
Sent unified reminder to Baba Galle (774752692) - Types: registration
Sent unified reminder to Mame Diaw (76 126 90 29) - Types: registration
Sent unified reminder to Balla (78 435 63 48) - Types: registration
Sent unified reminder to Fatou (789149298) - Types: registration
Sent unified reminder to Kadia (773155248) - Types: registration
Sent unified reminder to Ndeye Mbissine (764629584) - Types: registration
Sent unified reminder to Mbaye (788544069) - Types: registration
Sent unified reminder to Abdoulaye (770474281) - Types: registration
Sent unified reminder to Mame Anta (784453782) - Types: registration
Sent unified reminder to Abdourahmane (782010742) - Types: registration
Sent unified reminder to TestUser (+221770000000) - Types: registration, monthly
Sent unified reminder to Fatima Kane (78 722 52 30) - Types: registration
Sent unified reminder to Alhy Abdoulaye (770561394) - Types: registration
Sent unified reminder to Moussa (776186432) - Types: registration
Sent unified reminder to Bintou (705208650) - Types: registration
Sent unified reminder to Mariama (783558354) - Types: registration
Sent unified reminder to Diarietou (772562692) - Types: registration
Sent unified reminder to Ndeye Anta (772562692) - Types: registration
Sent unified reminder to Ousmane (777604835) - Types: registration
Sent unified reminder to Aziz (772093749) - Types: registration
==================

=== INSERTED REMINDERS ===
Type: registration, Month: , Status: sent
Type: monthly, Month: 1, Status: sent

Rolled back changes.
